[0.525s] DEBUG:colcon:Command line arguments: ['/usr/bin/colcon', 'build', '--symlink-install']
[0.525s] DEBUG:colcon:Parsed command line arguments: Namespace(log_base=None, log_level=None, verb_name='build', build_base='build', install_base='install', merge_install=False, symlink_install=True, test_result_base=None, continue_on_error=False, executor='parallel', parallel_workers=4, event_handlers=None, ignore_user_meta=False, metas=['./colcon.meta'], base_paths=['.'], packages_ignore=None, packages_ignore_regex=None, paths=None, packages_up_to=None, packages_up_to_regex=None, packages_above=None, packages_above_and_dependencies=None, packages_above_depth=None, packages_select_by_dep=None, packages_skip_by_dep=None, packages_skip_up_to=None, packages_select_build_failed=False, packages_skip_build_finished=False, packages_select_test_failures=False, packages_skip_test_passed=False, packages_select=None, packages_skip=None, packages_select_regex=None, packages_skip_regex=None, packages_start=None, packages_end=None, allow_overriding=[], cmake_args=None, cmake_target=None, cmake_target_skip_unavailable=False, cmake_clean_cache=False, cmake_clean_first=False, cmake_force_configure=False, ament_cmake_args=None, catkin_cmake_args=None, catkin_skip_building_tests=False, verb_parser=<colcon_defaults.argument_parser.defaults.DefaultArgumentsDecorator object at 0x76b4c7e628f0>, verb_extension=<colcon_core.verb.build.BuildVerb object at 0x76b4c7e623e0>, main=<bound method BuildVerb.main of <colcon_core.verb.build.BuildVerb object at 0x76b4c7e623e0>>)
[0.741s] Level 1:colcon.colcon_core.package_discovery:discover_packages(colcon_meta) check parameters
[0.741s] Level 1:colcon.colcon_core.package_discovery:discover_packages(recursive) check parameters
[0.741s] Level 1:colcon.colcon_core.package_discovery:discover_packages(ignore) check parameters
[0.741s] Level 1:colcon.colcon_core.package_discovery:discover_packages(path) check parameters
[0.741s] Level 1:colcon.colcon_core.package_discovery:discover_packages(colcon_meta) discover
[0.742s] Level 1:colcon.colcon_core.package_discovery:discover_packages(recursive) discover
[0.742s] INFO:colcon.colcon_core.package_discovery:Crawling recursively for packages in '/home/vboxuser/lidar_slam_ws'
[0.742s] Level 1:colcon.colcon_core.package_identification:_identify(.) by extensions ['ignore', 'ignore_ament_install']
[0.742s] Level 1:colcon.colcon_core.package_identification:_identify(.) by extension 'ignore'
[0.742s] Level 1:colcon.colcon_core.package_identification:_identify(.) by extension 'ignore_ament_install'
[0.742s] Level 1:colcon.colcon_core.package_identification:_identify(.) by extensions ['colcon_pkg']
[0.742s] Level 1:colcon.colcon_core.package_identification:_identify(.) by extension 'colcon_pkg'
[0.742s] Level 1:colcon.colcon_core.package_identification:_identify(.) by extensions ['colcon_meta']
[0.742s] Level 1:colcon.colcon_core.package_identification:_identify(.) by extension 'colcon_meta'
[0.742s] Level 1:colcon.colcon_core.package_identification:_identify(.) by extensions ['ros']
[0.742s] Level 1:colcon.colcon_core.package_identification:_identify(.) by extension 'ros'
[0.777s] Level 1:colcon.colcon_core.package_identification:_identify(.) by extensions ['cmake', 'python']
[0.777s] Level 1:colcon.colcon_core.package_identification:_identify(.) by extension 'cmake'
[0.777s] Level 1:colcon.colcon_core.package_identification:_identify(.) by extension 'python'
[0.777s] Level 1:colcon.colcon_core.package_identification:_identify(.) by extensions ['python_setup_py']
[0.777s] Level 1:colcon.colcon_core.package_identification:_identify(.) by extension 'python_setup_py'
[0.777s] Level 1:colcon.colcon_core.package_identification:_identify(build) by extensions ['ignore', 'ignore_ament_install']
[0.777s] Level 1:colcon.colcon_core.package_identification:_identify(build) by extension 'ignore'
[0.777s] Level 1:colcon.colcon_core.package_identification:_identify(build) ignored
[0.777s] Level 1:colcon.colcon_core.package_identification:_identify(install) by extensions ['ignore', 'ignore_ament_install']
[0.777s] Level 1:colcon.colcon_core.package_identification:_identify(install) by extension 'ignore'
[0.777s] Level 1:colcon.colcon_core.package_identification:_identify(install) ignored
[0.777s] Level 1:colcon.colcon_core.package_identification:_identify(log) by extensions ['ignore', 'ignore_ament_install']
[0.777s] Level 1:colcon.colcon_core.package_identification:_identify(log) by extension 'ignore'
[0.777s] Level 1:colcon.colcon_core.package_identification:_identify(log) ignored
[0.778s] Level 1:colcon.colcon_core.package_identification:_identify(src) by extensions ['ignore', 'ignore_ament_install']
[0.778s] Level 1:colcon.colcon_core.package_identification:_identify(src) by extension 'ignore'
[0.778s] Level 1:colcon.colcon_core.package_identification:_identify(src) by extension 'ignore_ament_install'
[0.778s] Level 1:colcon.colcon_core.package_identification:_identify(src) by extensions ['colcon_pkg']
[0.778s] Level 1:colcon.colcon_core.package_identification:_identify(src) by extension 'colcon_pkg'
[0.778s] Level 1:colcon.colcon_core.package_identification:_identify(src) by extensions ['colcon_meta']
[0.778s] Level 1:colcon.colcon_core.package_identification:_identify(src) by extension 'colcon_meta'
[0.778s] Level 1:colcon.colcon_core.package_identification:_identify(src) by extensions ['ros']
[0.778s] Level 1:colcon.colcon_core.package_identification:_identify(src) by extension 'ros'
[0.778s] Level 1:colcon.colcon_core.package_identification:_identify(src) by extensions ['cmake', 'python']
[0.778s] Level 1:colcon.colcon_core.package_identification:_identify(src) by extension 'cmake'
[0.778s] Level 1:colcon.colcon_core.package_identification:_identify(src) by extension 'python'
[0.778s] Level 1:colcon.colcon_core.package_identification:_identify(src) by extensions ['python_setup_py']
[0.778s] Level 1:colcon.colcon_core.package_identification:_identify(src) by extension 'python_setup_py'
[0.782s] Level 1:colcon.colcon_core.package_identification:_identify(src/lidar_slam_robot) by extensions ['ignore', 'ignore_ament_install']
[0.782s] Level 1:colcon.colcon_core.package_identification:_identify(src/lidar_slam_robot) by extension 'ignore'
[0.783s] Level 1:colcon.colcon_core.package_identification:_identify(src/lidar_slam_robot) by extension 'ignore_ament_install'
[0.783s] Level 1:colcon.colcon_core.package_identification:_identify(src/lidar_slam_robot) by extensions ['colcon_pkg']
[0.783s] Level 1:colcon.colcon_core.package_identification:_identify(src/lidar_slam_robot) by extension 'colcon_pkg'
[0.783s] Level 1:colcon.colcon_core.package_identification:_identify(src/lidar_slam_robot) by extensions ['colcon_meta']
[0.783s] Level 1:colcon.colcon_core.package_identification:_identify(src/lidar_slam_robot) by extension 'colcon_meta'
[0.783s] Level 1:colcon.colcon_core.package_identification:_identify(src/lidar_slam_robot) by extensions ['ros']
[0.783s] Level 1:colcon.colcon_core.package_identification:_identify(src/lidar_slam_robot) by extension 'ros'
[0.793s] DEBUG:colcon.colcon_core.package_identification:Package 'src/lidar_slam_robot' with type 'ros.ament_python' and name 'lidar_slam_robot'
[0.793s] Level 1:colcon.colcon_core.package_discovery:discover_packages(recursive) using defaults
[0.793s] Level 1:colcon.colcon_core.package_discovery:discover_packages(ignore) discover
[0.794s] Level 1:colcon.colcon_core.package_discovery:discover_packages(ignore) using defaults
[0.794s] Level 1:colcon.colcon_core.package_discovery:discover_packages(path) discover
[0.794s] Level 1:colcon.colcon_core.package_discovery:discover_packages(path) using defaults
[0.863s] Level 1:colcon.colcon_core.package_discovery:discover_packages(prefix_path) check parameters
[0.863s] Level 1:colcon.colcon_core.package_discovery:discover_packages(prefix_path) discover
[0.874s] DEBUG:colcon.colcon_installed_package_information.package_discovery:Found 440 installed packages in /opt/ros/humble
[0.878s] Level 1:colcon.colcon_core.package_discovery:discover_packages(prefix_path) using defaults
[0.996s] Level 5:colcon.colcon_core.verb:set package 'lidar_slam_robot' build argument 'cmake_args' from command line to 'None'
[0.996s] Level 5:colcon.colcon_core.verb:set package 'lidar_slam_robot' build argument 'cmake_target' from command line to 'None'
[0.996s] Level 5:colcon.colcon_core.verb:set package 'lidar_slam_robot' build argument 'cmake_target_skip_unavailable' from command line to 'False'
[0.996s] Level 5:colcon.colcon_core.verb:set package 'lidar_slam_robot' build argument 'cmake_clean_cache' from command line to 'False'
[0.996s] Level 5:colcon.colcon_core.verb:set package 'lidar_slam_robot' build argument 'cmake_clean_first' from command line to 'False'
[0.996s] Level 5:colcon.colcon_core.verb:set package 'lidar_slam_robot' build argument 'cmake_force_configure' from command line to 'False'
[0.996s] Level 5:colcon.colcon_core.verb:set package 'lidar_slam_robot' build argument 'ament_cmake_args' from command line to 'None'
[0.996s] Level 5:colcon.colcon_core.verb:set package 'lidar_slam_robot' build argument 'catkin_cmake_args' from command line to 'None'
[0.996s] Level 5:colcon.colcon_core.verb:set package 'lidar_slam_robot' build argument 'catkin_skip_building_tests' from command line to 'False'
[0.996s] DEBUG:colcon.colcon_core.verb:Building package 'lidar_slam_robot' with the following arguments: {'ament_cmake_args': None, 'build_base': '/home/vboxuser/lidar_slam_ws/build/lidar_slam_robot', 'catkin_cmake_args': None, 'catkin_skip_building_tests': False, 'cmake_args': None, 'cmake_clean_cache': False, 'cmake_clean_first': False, 'cmake_force_configure': False, 'cmake_target': None, 'cmake_target_skip_unavailable': False, 'install_base': '/home/vboxuser/lidar_slam_ws/install/lidar_slam_robot', 'merge_install': False, 'path': '/home/vboxuser/lidar_slam_ws/src/lidar_slam_robot', 'symlink_install': True, 'test_result_base': None}
[0.997s] INFO:colcon.colcon_core.executor:Executing jobs using 'parallel' executor
[0.998s] DEBUG:colcon.colcon_parallel_executor.executor.parallel:run_until_complete
[0.999s] INFO:colcon.colcon_ros.task.ament_python.build:Building ROS package in '/home/vboxuser/lidar_slam_ws/src/lidar_slam_robot' with build type 'ament_python'
[1.000s] Level 1:colcon.colcon_core.shell:create_environment_hook('lidar_slam_robot', 'ament_prefix_path')
[1.024s] INFO:colcon.colcon_core.plugin_system:Skipping extension 'colcon_core.shell.bat': Not used on non-Windows systems
[1.025s] INFO:colcon.colcon_core.shell:Creating environment hook '/home/vboxuser/lidar_slam_ws/install/lidar_slam_robot/share/lidar_slam_robot/hook/ament_prefix_path.ps1'
[1.032s] INFO:colcon.colcon_core.shell:Creating environment descriptor '/home/vboxuser/lidar_slam_ws/install/lidar_slam_robot/share/lidar_slam_robot/hook/ament_prefix_path.dsv'
[1.035s] INFO:colcon.colcon_core.shell:Creating environment hook '/home/vboxuser/lidar_slam_ws/install/lidar_slam_robot/share/lidar_slam_robot/hook/ament_prefix_path.sh'
[1.038s] INFO:colcon.colcon_core.shell:Skip shell extension 'powershell' for command environment: Not usable outside of PowerShell
[1.039s] DEBUG:colcon.colcon_core.shell:Skip shell extension 'dsv' for command environment
[1.422s] INFO:colcon.colcon_core.task.python.build:Building Python package in '/home/vboxuser/lidar_slam_ws/src/lidar_slam_robot'
[1.422s] INFO:colcon.colcon_core.shell:Skip shell extension 'powershell' for command environment: Not usable outside of PowerShell
[1.422s] DEBUG:colcon.colcon_core.shell:Skip shell extension 'dsv' for command environment
[3.310s] DEBUG:colcon.colcon_core.task.python.build:Available setuptools commands: bdist, bdist_dumb, egg_info, check, rotate, update_catalog, clean, sdist, extract_messages, easy_install, bdist_rpm, alias, develop, install, install_scripts, install_data, install_headers, build_scripts, build, compile_catalog, install_egg_info, init_catalog, editable_wheel, symlink_data, build_py, dist_info, bdist_wheel, setopt, build_ext, bdist_egg, install_lib, build_clib, saveopts
[3.752s] DEBUG:colcon.colcon_core.task.python.build:Available setuptools 'develop' options: --dry-run, --editable, --install-dir, --version, --build-directory, --exclude-scripts, --always-copy, --quiet, --multi-version, --zip-ok, --local-snapshots-ok, --prefix, --no-find-links, --user, --always-unzip, --uninstall, --egg-path, --find-links, --site-dirs, --no-user-cfg, --verbose, --record, --help, --allow-hosts, --optimize, --upgrade, --index-url, --no-deps, --script-dir
[3.763s] DEBUG:colcon.colcon_core.task.python.build:While undoing a previous installation files outside the Python library path are being ignored: /home/vboxuser/lidar_slam_ws/install/lidar_slam_robot/share/ament_index/resource_index/packages/lidar_slam_robot
[3.763s] DEBUG:colcon.colcon_core.task.python.build:While undoing a previous installation files outside the Python library path are being ignored: /home/vboxuser/lidar_slam_ws/install/lidar_slam_robot/share/lidar_slam_robot/package.xml
[3.765s] DEBUG:colcon.colcon_core.task.python.build:While undoing a previous installation files outside the Python library path are being ignored: /home/vboxuser/lidar_slam_ws/install/lidar_slam_robot/share/lidar_slam_robot/launch/slam.launch.py
[3.766s] DEBUG:colcon.colcon_core.task.python.build:While undoing a previous installation files outside the Python library path are being ignored: /home/vboxuser/lidar_slam_ws/install/lidar_slam_robot/lib/lidar_slam_robot/teleop_controller
[3.769s] DEBUG:colcon.colcon_core.event_handler.log_command:Invoking command in '/home/vboxuser/lidar_slam_ws/build/lidar_slam_robot': PYTHONPATH=/home/vboxuser/lidar_slam_ws/build/lidar_slam_robot/prefix_override:/usr/lib/python3/dist-packages/colcon_core/task/python/colcon_distutils_commands:/home/vboxuser/lidar_slam_ws/install/lidar_slam_robot/lib/python3.10/site-packages:${PYTHONPATH} /usr/bin/python3 -W ignore:setup.py install is deprecated -W ignore:easy_install command is deprecated setup.py develop --editable --build-directory /home/vboxuser/lidar_slam_ws/build/lidar_slam_robot/build --no-deps symlink_data --force
[4.632s] Level 1:colcon.colcon_core.shell:create_environment_hook('lidar_slam_robot', 'pythonpath_develop')
[4.633s] INFO:colcon.colcon_core.shell:Creating environment hook '/home/vboxuser/lidar_slam_ws/build/lidar_slam_robot/share/lidar_slam_robot/hook/pythonpath_develop.ps1'
[4.634s] DEBUG:colcon.colcon_core.event_handler.log_command:Invoked command in '/home/vboxuser/lidar_slam_ws/build/lidar_slam_robot' returned '0': PYTHONPATH=/home/vboxuser/lidar_slam_ws/build/lidar_slam_robot/prefix_override:/usr/lib/python3/dist-packages/colcon_core/task/python/colcon_distutils_commands:/home/vboxuser/lidar_slam_ws/install/lidar_slam_robot/lib/python3.10/site-packages:${PYTHONPATH} /usr/bin/python3 -W ignore:setup.py install is deprecated -W ignore:easy_install command is deprecated setup.py develop --editable --build-directory /home/vboxuser/lidar_slam_ws/build/lidar_slam_robot/build --no-deps symlink_data --force
[4.634s] INFO:colcon.colcon_core.shell:Creating environment descriptor '/home/vboxuser/lidar_slam_ws/build/lidar_slam_robot/share/lidar_slam_robot/hook/pythonpath_develop.dsv'
[4.634s] INFO:colcon.colcon_core.shell:Creating environment hook '/home/vboxuser/lidar_slam_ws/build/lidar_slam_robot/share/lidar_slam_robot/hook/pythonpath_develop.sh'
[4.658s] Level 1:colcon.colcon_core.environment:checking '/home/vboxuser/lidar_slam_ws/install/lidar_slam_robot' for CMake module files
[4.659s] Level 1:colcon.colcon_core.environment:checking '/home/vboxuser/lidar_slam_ws/install/lidar_slam_robot' for CMake config files
[4.662s] Level 1:colcon.colcon_core.environment:checking '/home/vboxuser/lidar_slam_ws/install/lidar_slam_robot/lib'
[4.662s] Level 1:colcon.colcon_core.environment:checking '/home/vboxuser/lidar_slam_ws/install/lidar_slam_robot/bin'
[4.662s] Level 1:colcon.colcon_core.environment:checking '/home/vboxuser/lidar_slam_ws/install/lidar_slam_robot/lib/pkgconfig/lidar_slam_robot.pc'
[4.662s] Level 1:colcon.colcon_core.environment:checking '/home/vboxuser/lidar_slam_ws/install/lidar_slam_robot/lib/python3.10/site-packages'
[4.662s] Level 1:colcon.colcon_core.shell:create_environment_hook('lidar_slam_robot', 'pythonpath')
[4.663s] INFO:colcon.colcon_core.shell:Creating environment hook '/home/vboxuser/lidar_slam_ws/install/lidar_slam_robot/share/lidar_slam_robot/hook/pythonpath.ps1'
[4.664s] INFO:colcon.colcon_core.shell:Creating environment descriptor '/home/vboxuser/lidar_slam_ws/install/lidar_slam_robot/share/lidar_slam_robot/hook/pythonpath.dsv'
[4.665s] INFO:colcon.colcon_core.shell:Creating environment hook '/home/vboxuser/lidar_slam_ws/install/lidar_slam_robot/share/lidar_slam_robot/hook/pythonpath.sh'
[4.666s] Level 1:colcon.colcon_core.environment:checking '/home/vboxuser/lidar_slam_ws/install/lidar_slam_robot/bin'
[4.666s] Level 1:colcon.colcon_core.environment:create_environment_scripts_only(lidar_slam_robot)
[4.667s] INFO:colcon.colcon_core.shell:Creating package script '/home/vboxuser/lidar_slam_ws/install/lidar_slam_robot/share/lidar_slam_robot/package.ps1'
[4.669s] INFO:colcon.colcon_core.shell:Creating package descriptor '/home/vboxuser/lidar_slam_ws/install/lidar_slam_robot/share/lidar_slam_robot/package.dsv'
[4.672s] INFO:colcon.colcon_core.shell:Creating package script '/home/vboxuser/lidar_slam_ws/install/lidar_slam_robot/share/lidar_slam_robot/package.sh'
[4.674s] INFO:colcon.colcon_core.shell:Creating package script '/home/vboxuser/lidar_slam_ws/install/lidar_slam_robot/share/lidar_slam_robot/package.bash'
[4.677s] INFO:colcon.colcon_core.shell:Creating package script '/home/vboxuser/lidar_slam_ws/install/lidar_slam_robot/share/lidar_slam_robot/package.zsh'
[4.680s] Level 1:colcon.colcon_core.environment:create_file_with_runtime_dependencies(/home/vboxuser/lidar_slam_ws/install/lidar_slam_robot/share/colcon-core/packages/lidar_slam_robot)
[4.681s] DEBUG:colcon.colcon_parallel_executor.executor.parallel:closing loop
[4.681s] DEBUG:colcon.colcon_parallel_executor.executor.parallel:loop closed
[4.681s] DEBUG:colcon.colcon_parallel_executor.executor.parallel:run_until_complete finished with '0'
[4.681s] DEBUG:colcon.colcon_core.event_reactor:joining thread
[4.696s] INFO:colcon.colcon_core.plugin_system:Skipping extension 'colcon_notification.desktop_notification.terminal_notifier': Not used on non-Darwin systems
[4.696s] INFO:colcon.colcon_core.plugin_system:Skipping extension 'colcon_notification.desktop_notification.win32': Not used on non-Windows systems
[4.696s] INFO:colcon.colcon_notification.desktop_notification:Sending desktop notification using 'notify2'
[4.764s] DEBUG:colcon.colcon_core.event_reactor:joined thread
[4.765s] INFO:colcon.colcon_core.shell:Creating prefix script '/home/vboxuser/lidar_slam_ws/install/local_setup.ps1'
[4.768s] INFO:colcon.colcon_core.shell:Creating prefix util module '/home/vboxuser/lidar_slam_ws/install/_local_setup_util_ps1.py'
[4.772s] INFO:colcon.colcon_core.shell:Creating prefix chain script '/home/vboxuser/lidar_slam_ws/install/setup.ps1'
[4.775s] INFO:colcon.colcon_core.shell:Creating prefix script '/home/vboxuser/lidar_slam_ws/install/local_setup.sh'
[4.777s] INFO:colcon.colcon_core.shell:Creating prefix util module '/home/vboxuser/lidar_slam_ws/install/_local_setup_util_sh.py'
[4.778s] INFO:colcon.colcon_core.shell:Creating prefix chain script '/home/vboxuser/lidar_slam_ws/install/setup.sh'
[4.781s] INFO:colcon.colcon_core.shell:Creating prefix script '/home/vboxuser/lidar_slam_ws/install/local_setup.bash'
[4.782s] INFO:colcon.colcon_core.shell:Creating prefix chain script '/home/vboxuser/lidar_slam_ws/install/setup.bash'
[4.785s] INFO:colcon.colcon_core.shell:Creating prefix script '/home/vboxuser/lidar_slam_ws/install/local_setup.zsh'
[4.787s] INFO:colcon.colcon_core.shell:Creating prefix chain script '/home/vboxuser/lidar_slam_ws/install/setup.zsh'
